../Middlewares/Third_Party/lvgl/src/draw/../misc/lv_area.h:139:23:lv_area_get_width	16	static
../Middlewares/Third_Party/lvgl/src/draw/../misc/lv_area.h:149:23:lv_area_get_height	16	static
../Middlewares/Third_Party/lvgl/src/draw/../misc/lv_color.h:212:23:lv_color_format_get_size	16	static
../Middlewares/Third_Party/lvgl/src/draw/../misc/lv_color.h:427:20:lv_color_premultiply	16	static
../Middlewares/Third_Party/lvgl/src/draw/../misc/lv_color.h:434:20:lv_color16_premultiply	16	static
../Middlewares/Third_Party/lvgl/src/draw/../stdlib/lv_string.h:65:20:lv_memzero	16	static
../Middlewares/Third_Party/lvgl/src/draw/lv_image_buf.h:176:20:lv_image_header_init	32	static
../Middlewares/Third_Party/lvgl/src/draw/lv_draw_buf.c:46:6:_lv_draw_buf_init_handlers	8	static
../Middlewares/Third_Party/lvgl/src/draw/lv_draw_buf.c:56:26:lv_draw_buf_get_handlers	4	static
../Middlewares/Third_Party/lvgl/src/draw/lv_draw_buf.c:61:10:lv_draw_buf_width_to_stride	16	static
../Middlewares/Third_Party/lvgl/src/draw/lv_draw_buf.c:67:8:lv_draw_buf_align	16	static
../Middlewares/Third_Party/lvgl/src/draw/lv_draw_buf.c:73:6:lv_draw_buf_invalidate_cache	32	static
../Middlewares/Third_Party/lvgl/src/draw/lv_draw_buf.c:78:6:lv_draw_buf_clear	56	static
../Middlewares/Third_Party/lvgl/src/draw/lv_draw_buf.c:106:6:lv_draw_buf_copy	64	static
../Middlewares/Third_Party/lvgl/src/draw/lv_draw_buf.c:150:13:lv_draw_buf_init	40	static
../Middlewares/Third_Party/lvgl/src/draw/lv_draw_buf.c:174:17:lv_draw_buf_create	64	static
../Middlewares/Third_Party/lvgl/src/draw/lv_draw_buf.c:204:17:lv_draw_buf_dup	32	static
../Middlewares/Third_Party/lvgl/src/draw/lv_draw_buf.c:221:17:lv_draw_buf_reshape	32	static
../Middlewares/Third_Party/lvgl/src/draw/lv_draw_buf.c:245:6:lv_draw_buf_destroy	24	static
../Middlewares/Third_Party/lvgl/src/draw/lv_draw_buf.c:259:8:lv_draw_buf_goto_xy	40	static
../Middlewares/Third_Party/lvgl/src/draw/lv_draw_buf.c:273:17:lv_draw_buf_adjust_stride	56	static
../Middlewares/Third_Party/lvgl/src/draw/lv_draw_buf.c:310:13:lv_draw_buf_premultiply	104	static
../Middlewares/Third_Party/lvgl/src/draw/lv_draw_buf.c:377:15:buf_malloc	16	static
../Middlewares/Third_Party/lvgl/src/draw/lv_draw_buf.c:386:13:buf_free	16	static
../Middlewares/Third_Party/lvgl/src/draw/lv_draw_buf.c:391:15:buf_align	24	static
../Middlewares/Third_Party/lvgl/src/draw/lv_draw_buf.c:403:17:width_to_stride	24	static
../Middlewares/Third_Party/lvgl/src/draw/lv_draw_buf.c:411:15:draw_buf_malloc	16	static
../Middlewares/Third_Party/lvgl/src/draw/lv_draw_buf.c:417:13:draw_buf_free	16	static
../Middlewares/Third_Party/lvgl/src/draw/lv_draw_buf.c:425:17:_calculate_draw_buf_size	32	static
