../Middlewares/Third_Party/lvgl/src/draw/../stdlib/lv_string.h:65:20:lv_memzero	16	static
../Middlewares/Third_Party/lvgl/src/draw/lv_draw_buf.h:222:20:lv_draw_buf_has_flag	16	static
../Middlewares/Third_Party/lvgl/src/draw/../draw/../misc/lv_ll.h:85:20:_lv_ll_clear	16	static
../Middlewares/Third_Party/lvgl/src/draw/lv_image_decoder.c:69:6:_lv_image_decoder_init	8	static
../Middlewares/Third_Party/lvgl/src/draw/lv_image_decoder.c:96:6:_lv_image_decoder_deinit	8	static
../Middlewares/Third_Party/lvgl/src/draw/lv_image_decoder.c:108:13:lv_image_decoder_get_info	24	static
../Middlewares/Third_Party/lvgl/src/draw/lv_image_decoder.c:116:13:lv_image_decoder_open	32	static
../Middlewares/Third_Party/lvgl/src/draw/lv_image_decoder.c:157:13:lv_image_decoder_get_area	40	static
../Middlewares/Third_Party/lvgl/src/draw/lv_image_decoder.c:166:6:lv_image_decoder_close	16	static
../Middlewares/Third_Party/lvgl/src/draw/lv_image_decoder.c:182:22:lv_image_decoder_create	24	static
../Middlewares/Third_Party/lvgl/src/draw/lv_image_decoder.c:194:6:lv_image_decoder_delete	16	static
../Middlewares/Third_Party/lvgl/src/draw/lv_image_decoder.c:200:22:lv_image_decoder_get_next	16	static
../Middlewares/Third_Party/lvgl/src/draw/lv_image_decoder.c:208:6:lv_image_decoder_set_info_cb	16	static
../Middlewares/Third_Party/lvgl/src/draw/lv_image_decoder.c:213:6:lv_image_decoder_set_open_cb	16	static
../Middlewares/Third_Party/lvgl/src/draw/lv_image_decoder.c:218:6:lv_image_decoder_set_get_area_cb	16	static
../Middlewares/Third_Party/lvgl/src/draw/lv_image_decoder.c:223:6:lv_image_decoder_set_close_cb	16	static
../Middlewares/Third_Party/lvgl/src/draw/lv_image_decoder.c:228:6:lv_image_decoder_set_cache_free_cb	16	static
../Middlewares/Third_Party/lvgl/src/draw/lv_image_decoder.c:258:17:lv_image_decoder_post_process	40	static
../Middlewares/Third_Party/lvgl/src/draw/lv_image_decoder.c:306:29:image_decoder_get_info	32	static
../Middlewares/Third_Party/lvgl/src/draw/lv_image_decoder.c:366:17:img_width_to_stride	24	static
