../Middlewares/Third_Party/lvgl/src/display/../misc/lv_ll.h:85:20:_lv_ll_clear	16	static
../Middlewares/Third_Party/lvgl/src/display/../draw/../misc/../font/../draw/../stdlib/lv_string.h:65:20:lv_memzero	16	static
../Middlewares/Third_Party/lvgl/src/display/../draw/../misc/lv_anim.h:197:20:lv_anim_set_var	16	static
../Middlewares/Third_Party/lvgl/src/display/../draw/../misc/lv_anim.h:209:20:lv_anim_set_exec_cb	16	static
../Middlewares/Third_Party/lvgl/src/display/../draw/../misc/lv_anim.h:219:20:lv_anim_set_duration	16	static
../Middlewares/Third_Party/lvgl/src/display/../draw/../misc/lv_anim.h:237:20:lv_anim_set_delay	16	static
../Middlewares/Third_Party/lvgl/src/display/../draw/../misc/lv_anim.h:248:20:lv_anim_set_values	24	static
../Middlewares/Third_Party/lvgl/src/display/../draw/../misc/lv_anim.h:283:20:lv_anim_set_start_cb	16	static
../Middlewares/Third_Party/lvgl/src/display/../draw/../misc/lv_anim.h:304:20:lv_anim_set_completed_cb	16	static
../Middlewares/Third_Party/lvgl/src/display/lv_display.h:392:26:lv_screen_active	8	static
../Middlewares/Third_Party/lvgl/src/display/lv_display.c:57:16:lv_display_create	40	static
../Middlewares/Third_Party/lvgl/src/display/lv_display.c:144:6:lv_display_delete	24	static
../Middlewares/Third_Party/lvgl/src/display/lv_display.c:196:6:lv_display_set_default	16	static
../Middlewares/Third_Party/lvgl/src/display/lv_display.c:201:16:lv_display_get_default	4	static
../Middlewares/Third_Party/lvgl/src/display/lv_display.c:206:16:lv_display_get_next	16	static
../Middlewares/Third_Party/lvgl/src/display/lv_display.c:218:6:lv_display_set_resolution	24	static
../Middlewares/Third_Party/lvgl/src/display/lv_display.c:231:6:lv_display_set_physical_resolution	24	static
../Middlewares/Third_Party/lvgl/src/display/lv_display.c:243:6:lv_display_set_offset	24	static
../Middlewares/Third_Party/lvgl/src/display/lv_display.c:255:6:lv_display_set_dpi	16	static
../Middlewares/Third_Party/lvgl/src/display/lv_display.c:263:9:lv_display_get_horizontal_resolution	16	static
../Middlewares/Third_Party/lvgl/src/display/lv_display.c:281:9:lv_display_get_vertical_resolution	16	static
../Middlewares/Third_Party/lvgl/src/display/lv_display.c:299:9:lv_display_get_physical_horizontal_resolution	16	static
../Middlewares/Third_Party/lvgl/src/display/lv_display.c:317:9:lv_display_get_physical_vertical_resolution	16	static
../Middlewares/Third_Party/lvgl/src/display/lv_display.c:335:9:lv_display_get_offset_x	16	static
../Middlewares/Third_Party/lvgl/src/display/lv_display.c:356:9:lv_display_get_offset_y	16	static
../Middlewares/Third_Party/lvgl/src/display/lv_display.c:377:9:lv_display_get_dpi	16	static
../Middlewares/Third_Party/lvgl/src/display/lv_display.c:388:6:lv_display_set_draw_buffers	24	static
../Middlewares/Third_Party/lvgl/src/display/lv_display.c:398:6:lv_display_set_buffers	56	static
../Middlewares/Third_Party/lvgl/src/display/lv_display.c:429:6:lv_display_set_render_mode	16	static
../Middlewares/Third_Party/lvgl/src/display/lv_display.c:436:6:lv_display_set_flush_cb	16	static
../Middlewares/Third_Party/lvgl/src/display/lv_display.c:444:6:lv_display_set_flush_wait_cb	16	static
../Middlewares/Third_Party/lvgl/src/display/lv_display.c:452:6:lv_display_set_color_format	16	static
../Middlewares/Third_Party/lvgl/src/display/lv_display.c:463:19:lv_display_get_color_format	16	static
../Middlewares/Third_Party/lvgl/src/display/lv_display.c:471:6:lv_display_set_antialiasing	16	static
../Middlewares/Third_Party/lvgl/src/display/lv_display.c:479:6:lv_display_get_antialiasing	16	static
../Middlewares/Third_Party/lvgl/src/display/lv_display.c:487:31:lv_display_flush_ready	16	static
../Middlewares/Third_Party/lvgl/src/display/lv_display.c:492:31:lv_display_flush_is_last	16	static
../Middlewares/Third_Party/lvgl/src/display/lv_display.c:497:6:lv_display_is_double_buffered	16	static
../Middlewares/Third_Party/lvgl/src/display/lv_display.c:506:12:lv_display_get_screen_active	24	static
../Middlewares/Third_Party/lvgl/src/display/lv_display.c:517:12:lv_display_get_screen_prev	24	static
../Middlewares/Third_Party/lvgl/src/display/lv_display.c:528:12:lv_display_get_layer_top	24	static
../Middlewares/Third_Party/lvgl/src/display/lv_display.c:539:12:lv_display_get_layer_sys	24	static
../Middlewares/Third_Party/lvgl/src/display/lv_display.c:550:12:lv_display_get_layer_bottom	24	static
../Middlewares/Third_Party/lvgl/src/display/lv_display.c:561:6:lv_screen_load	24	static
../Middlewares/Third_Party/lvgl/src/display/lv_display.c:566:6:lv_screen_load_anim	208	static
../Middlewares/Third_Party/lvgl/src/display/lv_display.c:718:6:lv_display_add_event_cb	32	static
../Middlewares/Third_Party/lvgl/src/display/lv_display.c:725:10:lv_display_get_event_count	24	static
../Middlewares/Third_Party/lvgl/src/display/lv_display.c:731:18:lv_display_get_event_dsc	24	static
../Middlewares/Third_Party/lvgl/src/display/lv_display.c:738:6:lv_display_delete_event	24	static
../Middlewares/Third_Party/lvgl/src/display/lv_display.c:745:10:lv_display_remove_event_cb_with_user_data	48	static
../Middlewares/Third_Party/lvgl/src/display/lv_display.c:764:13:lv_display_send_event	56	static
../Middlewares/Third_Party/lvgl/src/display/lv_display.c:783:6:lv_display_set_rotation	16	static
../Middlewares/Third_Party/lvgl/src/display/lv_display.c:792:23:lv_display_get_rotation	16	static
../Middlewares/Third_Party/lvgl/src/display/lv_display.c:799:6:lv_display_set_theme	24	static
../Middlewares/Third_Party/lvgl/src/display/lv_display.c:817:14:lv_display_get_theme	16	static
../Middlewares/Third_Party/lvgl/src/display/lv_display.c:823:10:lv_display_get_inactive_time	32	static
../Middlewares/Third_Party/lvgl/src/display/lv_display.c:839:6:lv_display_trigger_activity	24	static
../Middlewares/Third_Party/lvgl/src/display/lv_display.c:850:6:lv_display_enable_invalidation	24	static
../Middlewares/Third_Party/lvgl/src/display/lv_display.c:861:6:lv_display_is_invalidation_enabled	24	static
../Middlewares/Third_Party/lvgl/src/display/lv_display.c:872:14:lv_display_get_refr_timer	16	static
../Middlewares/Third_Party/lvgl/src/display/lv_display.c:880:6:lv_display_delete_refr_timer	16	static
../Middlewares/Third_Party/lvgl/src/display/lv_display.c:889:6:lv_display_set_user_data	16	static
../Middlewares/Third_Party/lvgl/src/display/lv_display.c:896:6:lv_display_set_driver_data	16	static
../Middlewares/Third_Party/lvgl/src/display/lv_display.c:904:8:lv_display_get_user_data	16	static
../Middlewares/Third_Party/lvgl/src/display/lv_display.c:911:8:lv_display_get_driver_data	16	static
../Middlewares/Third_Party/lvgl/src/display/lv_display.c:923:13:update_resolution	48	static
../Middlewares/Third_Party/lvgl/src/display/lv_display.c:959:31:invalidate_layout_cb	16	static
../Middlewares/Third_Party/lvgl/src/display/lv_display.c:966:13:scr_load_internal	32	static
../Middlewares/Third_Party/lvgl/src/display/lv_display.c:989:13:scr_load_anim_start	24	static
../Middlewares/Third_Party/lvgl/src/display/lv_display.c:999:13:opa_scale_anim	16	static
../Middlewares/Third_Party/lvgl/src/display/lv_display.c:1004:13:set_x_anim	16	static
../Middlewares/Third_Party/lvgl/src/display/lv_display.c:1009:13:set_y_anim	16	static
../Middlewares/Third_Party/lvgl/src/display/lv_display.c:1014:13:scr_anim_completed	24	static
../Middlewares/Third_Party/lvgl/src/display/lv_display.c:1029:13:is_out_anim	16	static
../Middlewares/Third_Party/lvgl/src/display/lv_display.c:1038:13:disp_event_cb	24	static
