C:/Users/tromb/STM32CubeIDE/blackpill/lv9/Middlewares/Third_Party/lvgl/src/core/../misc/../font/../draw/../misc/lv_color.h:212:23:lv_color_format_get_size	16	static
../Core/Src/main.c:77:5:_write	24	static
../Core/Src/main.c:87:5:main	72	static
../Core/Src/main.c:167:6:SystemClock_Config	88	static
../Core/Src/main.c:213:13:MX_ADC1_Init	24	static
../Core/Src/main.c:265:13:MX_SPI1_Init	8	static
../Core/Src/main.c:303:13:MX_USART1_UART_Init	8	static
../Core/Src/main.c:334:13:MX_DMA_Init	16	static
../Core/Src/main.c:352:13:MX_GPIO_Init	48	static
../Core/Src/main.c:396:6:lcd_color_transfer_ready_cb	16	static
../Core/Src/main.c:405:16:lcd_io_init	8	static
../Core/Src/main.c:423:13:lcd_send_cmd	24	static
../Core/Src/main.c:448:13:lcd_send_color	24	static
../Core/Src/main.c:473:6:LVGL_Task	40	static
../Core/Src/main.c:517:6:ui_init	16	static
../Core/Src/main.c:545:6:StartDefaultTask	16	static
../Core/Src/main.c:564:6:HAL_TIM_PeriodElapsedCallback	16	static
../Core/Src/main.c:581:6:Error_Handler	4	static,ignoring_inline_asm
